// Jest Snapshot v1, https://goo.gl/fbAQLP

exports[`renders homepage unchanged 1`] = `
<div>
  <div
    class="antialiased text-gray-500 dark:text-custom-dark"
  >
    <header
      class="shadow-md shadow-slate-900/5 dark:border-b dark:border-slate-700 transition duration-500 dark:shadow-none dark:bg-transparent "
    >
      <div
        class="relative bg-white dark:bg-gray-dark"
      >
        <div
          class="flex justify-between items-center max-w-7xl mx-auto px-4 py-4 sm:px-6 md:justify-start md:space-x-10 lg:px-8"
        >
          <div
            class="flex justify-start lg:w-0 lg:flex-1"
          >
            <a
              href="/"
            >
              <span
                class="sr-only"
              >
                siteLogo
              </span>
              <div
                class="h-14 sm:h-20 w-24 sm:w-32 relative"
              >
                <span
                  style="box-sizing: border-box; display: block; overflow: hidden; background: none; opacity: 1; border: 0px; margin: 0px; padding: 0px; position: absolute; top: 0px; left: 0px; bottom: 0px; right: 0px;"
                >
                  <img
                    alt="reSpeak Logo"
                    data-nimg="fill"
                    decoding="async"
                    src="data:image/gif;base64,R0lGODlhAQABAIAAAAAAAP///yH5BAEAAAAALAAAAAABAAEAAAIBRAA7"
                    style="position: absolute; top: 0px; left: 0px; bottom: 0px; right: 0px; box-sizing: border-box; padding: 0px; margin: auto; display: block; width: 0px; height: 0px; min-width: 100%; max-width: 100%; min-height: 100%; max-height: 100%;"
                  />
                  <noscript />
                </span>
              </div>
            </a>
          </div>
          <div
            class="-mr-2 -my-2 md:hidden flex items-center"
          >
            <div
              class="relative z-10 mr-4"
            >
              <label
                class="sr-only"
                id="headlessui-listbox-label-:r2:"
              >
                Theme
              </label>
              <button
                aria-expanded="false"
                aria-haspopup="true"
                aria-labelledby="headlessui-listbox-label-:r2: headlessui-listbox-button-:r3:"
                class="flex h-6 w-6 items-center justify-center rounded-lg shadow-md shadow-black/5 ring-1 ring-black/5 dark:bg-slate-700 dark:ring-inset dark:ring-white/5"
                data-testid="theme-toggler"
                id="headlessui-listbox-button-:r3:"
                type="button"
              >
                <span
                  class="sr-only"
                />
                <svg
                  aria-hidden="true"
                  class="hidden h-4 w-4 fill-sky-400 [[data-theme=light]_&]:block"
                  viewBox="0 0 16 16"
                >
                  <path
                    clip-rule="evenodd"
                    d="M7 1a1 1 0 0 1 2 0v1a1 1 0 1 1-2 0V1Zm4 7a3 3 0 1 1-6 0 3 3 0 0 1 6 0Zm2.657-5.657a1 1 0 0 0-1.414 0l-.707.707a1 1 0 0 0 1.414 1.414l.707-.707a1 1 0 0 0 0-1.414Zm-1.415 11.313-.707-.707a1 1 0 0 1 1.415-1.415l.707.708a1 1 0 0 1-1.415 1.414ZM16 7.999a1 1 0 0 0-1-1h-1a1 1 0 1 0 0 2h1a1 1 0 0 0 1-1ZM7 14a1 1 0 1 1 2 0v1a1 1 0 1 1-2 0v-1Zm-2.536-2.464a1 1 0 0 0-1.414 0l-.707.707a1 1 0 0 0 1.414 1.414l.707-.707a1 1 0 0 0 0-1.414Zm0-8.486A1 1 0 0 1 3.05 4.464l-.707-.707a1 1 0 0 1 1.414-1.414l.707.707ZM3 8a1 1 0 0 0-1-1H1a1 1 0 0 0 0 2h1a1 1 0 0 0 1-1Z"
                    fill-rule="evenodd"
                  />
                </svg>
                <svg
                  aria-hidden="true"
                  class="hidden h-4 w-4 fill-sky-400 [[data-theme=dark]_&]:block"
                  viewBox="0 0 16 16"
                >
                  <path
                    clip-rule="evenodd"
                    d="M7.23 3.333C7.757 2.905 7.68 2 7 2a6 6 0 1 0 0 12c.68 0 .758-.905.23-1.332A5.989 5.989 0 0 1 5 8c0-1.885.87-3.568 2.23-4.668ZM12 5a1 1 0 0 1 1 1 1 1 0 0 0 1 1 1 1 0 1 1 0 2 1 1 0 0 0-1 1 1 1 0 1 1-2 0 1 1 0 0 0-1-1 1 1 0 1 1 0-2 1 1 0 0 0 1-1 1 1 0 0 1 1-1Z"
                    fill-rule="evenodd"
                  />
                </svg>
                <svg
                  aria-hidden="true"
                  class="hidden h-4 w-4 fill-slate-400 [:not(.dark)[data-theme=system]_&]:block"
                  viewBox="0 0 16 16"
                >
                  <path
                    clip-rule="evenodd"
                    d="M7 1a1 1 0 0 1 2 0v1a1 1 0 1 1-2 0V1Zm4 7a3 3 0 1 1-6 0 3 3 0 0 1 6 0Zm2.657-5.657a1 1 0 0 0-1.414 0l-.707.707a1 1 0 0 0 1.414 1.414l.707-.707a1 1 0 0 0 0-1.414Zm-1.415 11.313-.707-.707a1 1 0 0 1 1.415-1.415l.707.708a1 1 0 0 1-1.415 1.414ZM16 7.999a1 1 0 0 0-1-1h-1a1 1 0 1 0 0 2h1a1 1 0 0 0 1-1ZM7 14a1 1 0 1 1 2 0v1a1 1 0 1 1-2 0v-1Zm-2.536-2.464a1 1 0 0 0-1.414 0l-.707.707a1 1 0 0 0 1.414 1.414l.707-.707a1 1 0 0 0 0-1.414Zm0-8.486A1 1 0 0 1 3.05 4.464l-.707-.707a1 1 0 0 1 1.414-1.414l.707.707ZM3 8a1 1 0 0 0-1-1H1a1 1 0 0 0 0 2h1a1 1 0 0 0 1-1Z"
                    fill-rule="evenodd"
                  />
                </svg>
                <svg
                  aria-hidden="true"
                  class="hidden h-4 w-4 fill-slate-400 [.dark[data-theme=system]_&]:block"
                  viewBox="0 0 16 16"
                >
                  <path
                    clip-rule="evenodd"
                    d="M7.23 3.333C7.757 2.905 7.68 2 7 2a6 6 0 1 0 0 12c.68 0 .758-.905.23-1.332A5.989 5.989 0 0 1 5 8c0-1.885.87-3.568 2.23-4.668ZM12 5a1 1 0 0 1 1 1 1 1 0 0 0 1 1 1 1 0 1 1 0 2 1 1 0 0 0-1 1 1 1 0 1 1-2 0 1 1 0 0 0-1-1 1 1 0 1 1 0-2 1 1 0 0 0 1-1 1 1 0 0 1 1-1Z"
                    fill-rule="evenodd"
                  />
                </svg>
              </button>
            </div>
            <button
              aria-expanded="false"
              class="bg-white dark:bg-custom-blue rounded-md p-2 inline-flex items-center justify-center text-gray-400 hover:text-gray-500 hover:bg-gray-100 focus:outline-none focus:ring-2 focus:ring-inset focus:ring-indigo-500"
              id="headlessui-popover-button-:r0:"
              type="button"
            >
              <span
                class="sr-only"
              >
                Open menu
              </span>
              <svg
                aria-hidden="true"
                class="h-6 w-6"
                fill="none"
                stroke="currentColor"
                stroke-width="2"
                viewBox="0 0 24 24"
                xmlns="http://www.w3.org/2000/svg"
              >
                <path
                  d="M4 6h16M4 12h16M4 18h16"
                  stroke-linecap="round"
                  stroke-linejoin="round"
                />
              </svg>
            </button>
          </div>
          <nav
            class="hidden md:flex space-x-10"
          >
            <a
              class="text-base font-medium text-gray-500 dark:text-custom-dark hover:text-gray-900"
              href="/pricing"
            >
              nav.pricing
            </a>
            <a
              class="text-base font-medium text-gray-500 dark:text-custom-dark hover:text-gray-900"
              href="/app/api"
            >
              nav.api
            </a>
            <a
              class="text-base font-medium text-gray-500 dark:text-custom-dark hover:text-gray-900"
              href="/company"
            >
              nav.company
            </a>
          </nav>
          <div
            class="hidden md:flex items-center justify-end md:flex-1 lg:w-0"
          >
            <a
              class="whitespace-nowrap text-base font-medium text-gray-500 dark:text-custom-dark hover:text-gray-900"
              href="/app/sign-in"
            >
              nav.signin
            </a>
            <a
              class="ml-8 whitespace-nowrap dark:text-white inline-flex items-center bg-gradient-to-r from-purple-600 to-indigo-600 justify-center bg-origin-border px-4 py-2 border border-transparent rounded-md shadow-sm text-base font-medium text-white hover:from-purple-700 hover:to-indigo-700"
              href="/app/sign-up"
            >
              nav.signup
            </a>
            <div
              class="relative z-10 ml-4"
            >
              <label
                class="sr-only"
                id="headlessui-listbox-label-:r6:"
              >
                Theme
              </label>
              <button
                aria-expanded="false"
                aria-haspopup="true"
                aria-labelledby="headlessui-listbox-label-:r6: headlessui-listbox-button-:r7:"
                class="flex h-6 w-6 items-center justify-center rounded-lg shadow-md shadow-black/5 ring-1 ring-black/5 dark:bg-slate-700 dark:ring-inset dark:ring-white/5"
                data-testid="theme-toggler"
                id="headlessui-listbox-button-:r7:"
                type="button"
              >
                <span
                  class="sr-only"
                />
                <svg
                  aria-hidden="true"
                  class="hidden h-4 w-4 fill-sky-400 [[data-theme=light]_&]:block"
                  viewBox="0 0 16 16"
                >
                  <path
                    clip-rule="evenodd"
                    d="M7 1a1 1 0 0 1 2 0v1a1 1 0 1 1-2 0V1Zm4 7a3 3 0 1 1-6 0 3 3 0 0 1 6 0Zm2.657-5.657a1 1 0 0 0-1.414 0l-.707.707a1 1 0 0 0 1.414 1.414l.707-.707a1 1 0 0 0 0-1.414Zm-1.415 11.313-.707-.707a1 1 0 0 1 1.415-1.415l.707.708a1 1 0 0 1-1.415 1.414ZM16 7.999a1 1 0 0 0-1-1h-1a1 1 0 1 0 0 2h1a1 1 0 0 0 1-1ZM7 14a1 1 0 1 1 2 0v1a1 1 0 1 1-2 0v-1Zm-2.536-2.464a1 1 0 0 0-1.414 0l-.707.707a1 1 0 0 0 1.414 1.414l.707-.707a1 1 0 0 0 0-1.414Zm0-8.486A1 1 0 0 1 3.05 4.464l-.707-.707a1 1 0 0 1 1.414-1.414l.707.707ZM3 8a1 1 0 0 0-1-1H1a1 1 0 0 0 0 2h1a1 1 0 0 0 1-1Z"
                    fill-rule="evenodd"
                  />
                </svg>
                <svg
                  aria-hidden="true"
                  class="hidden h-4 w-4 fill-sky-400 [[data-theme=dark]_&]:block"
                  viewBox="0 0 16 16"
                >
                  <path
                    clip-rule="evenodd"
                    d="M7.23 3.333C7.757 2.905 7.68 2 7 2a6 6 0 1 0 0 12c.68 0 .758-.905.23-1.332A5.989 5.989 0 0 1 5 8c0-1.885.87-3.568 2.23-4.668ZM12 5a1 1 0 0 1 1 1 1 1 0 0 0 1 1 1 1 0 1 1 0 2 1 1 0 0 0-1 1 1 1 0 1 1-2 0 1 1 0 0 0-1-1 1 1 0 1 1 0-2 1 1 0 0 0 1-1 1 1 0 0 1 1-1Z"
                    fill-rule="evenodd"
                  />
                </svg>
                <svg
                  aria-hidden="true"
                  class="hidden h-4 w-4 fill-slate-400 [:not(.dark)[data-theme=system]_&]:block"
                  viewBox="0 0 16 16"
                >
                  <path
                    clip-rule="evenodd"
                    d="M7 1a1 1 0 0 1 2 0v1a1 1 0 1 1-2 0V1Zm4 7a3 3 0 1 1-6 0 3 3 0 0 1 6 0Zm2.657-5.657a1 1 0 0 0-1.414 0l-.707.707a1 1 0 0 0 1.414 1.414l.707-.707a1 1 0 0 0 0-1.414Zm-1.415 11.313-.707-.707a1 1 0 0 1 1.415-1.415l.707.708a1 1 0 0 1-1.415 1.414ZM16 7.999a1 1 0 0 0-1-1h-1a1 1 0 1 0 0 2h1a1 1 0 0 0 1-1ZM7 14a1 1 0 1 1 2 0v1a1 1 0 1 1-2 0v-1Zm-2.536-2.464a1 1 0 0 0-1.414 0l-.707.707a1 1 0 0 0 1.414 1.414l.707-.707a1 1 0 0 0 0-1.414Zm0-8.486A1 1 0 0 1 3.05 4.464l-.707-.707a1 1 0 0 1 1.414-1.414l.707.707ZM3 8a1 1 0 0 0-1-1H1a1 1 0 0 0 0 2h1a1 1 0 0 0 1-1Z"
                    fill-rule="evenodd"
                  />
                </svg>
                <svg
                  aria-hidden="true"
                  class="hidden h-4 w-4 fill-slate-400 [.dark[data-theme=system]_&]:block"
                  viewBox="0 0 16 16"
                >
                  <path
                    clip-rule="evenodd"
                    d="M7.23 3.333C7.757 2.905 7.68 2 7 2a6 6 0 1 0 0 12c.68 0 .758-.905.23-1.332A5.989 5.989 0 0 1 5 8c0-1.885.87-3.568 2.23-4.668ZM12 5a1 1 0 0 1 1 1 1 1 0 0 0 1 1 1 1 0 1 1 0 2 1 1 0 0 0-1 1 1 1 0 1 1-2 0 1 1 0 0 0-1-1 1 1 0 1 1 0-2 1 1 0 0 0 1-1 1 1 0 0 1 1-1Z"
                    fill-rule="evenodd"
                  />
                </svg>
              </button>
            </div>
          </div>
        </div>
      </div>
    </header>
    <main
      class="min-h-[75vh] py-1 px-4 sm:px-0"
    >
      <div
        class="max-w-7xl mx-auto sm:px-6 lg:px-8"
      >
        <h1
          class="mt-12 font-manrope text-4xl font-extrabold tracking-tight sm:text-5xl lg:text-6xl"
        >
          home.title
        </h1>
      </div>
    </main>
    <footer
      aria-labelledby="footer-heading"
      class="bg-gray-50 dark:bg-gray-dark dark:border-t dark:border-slate-700"
    >
      <h2
        class="sr-only"
        id="footer-heading"
      >
        Footer
      </h2>
      <div
        class="max-w-7xl mx-auto pt-16 pb-8 px-4 sm:px-6 lg:pt-24 lg:px-8"
      >
        <div
          class="xl:grid xl:grid-cols-3 xl:gap-8"
        >
          <div
            class="grid grid-cols-3 gap-8 xl:col-span-2"
          >
            <div>
              <h3
                class="text-sm font-semibold text-gray-400 dark:text-custom-dark tracking-wider uppercase"
              >
                footer.navItems.support.title
              </h3>
              <ul
                class="mt-4 space-y-4"
                role="list"
              >
                <li>
                  <a
                    class="text-base text-gray-500 dark:text-custom-dark hover:text-gray-900"
                    href="/pricing"
                  >
                    footer.navItems.support.Pricing
                  </a>
                </li>
                <li>
                  <a
                    class="text-base text-gray-500 dark:text-custom-dark hover:text-gray-900"
                    href="/app/api"
                  >
                    footer.navItems.support.API
                  </a>
                </li>
              </ul>
            </div>
            <div>
              <h3
                class="text-sm font-semibold text-gray-400 dark:text-custom-dark tracking-wider uppercase"
              >
                footer.navItems.company.title
              </h3>
              <ul
                class="mt-4 space-y-4"
                role="list"
              >
                <li>
                  <a
                    class="text-base text-gray-500 dark:text-custom-dark hover:text-gray-900"
                    href="/about"
                  >
                    footer.navItems.company.About
                  </a>
                </li>
                <li>
                  <a
                    class="text-base text-gray-500 dark:text-custom-dark hover:text-gray-900"
                    href="/company/contact"
                  >
                    footer.navItems.company.Contact
                  </a>
                </li>
              </ul>
            </div>
            <div>
              <h3
                class="text-sm font-semibold text-gray-400 dark:text-custom-dark tracking-wider uppercase"
              >
                footer.navItems.legal.title
              </h3>
              <ul
                class="mt-4 space-y-4"
                role="list"
              >
                <li>
                  <a
                    class="text-base text-gray-500 dark:text-custom-dark hover:text-gray-900"
                    href="/privacy"
                  >
                    footer.navItems.legal.Privacy
                  </a>
                </li>
                <li>
                  <a
                    class="text-base text-gray-500 dark:text-custom-dark hover:text-gray-900"
                    href="/terms"
                  >
                    footer.navItems.legal.Terms
                  </a>
                </li>
              </ul>
            </div>
          </div>
          <div
            class="mt-12 xl:mt-0"
          >
            <h3
              class="text-sm font-semibold tracking-wider uppercase text-gray-400 dark:text-custom-dark"
            >
              footer.subscribe.title
            </h3>
            <p
              class="mt-4 text-base text-gray-500 dark:text-custom-dark"
            >
              footer.subscribe.content
            </p>
            <form
              class="mt-4 sm:flex sm:max-w-md"
            >
              <label
                class="sr-only"
                for="email-address"
              >
                Email address
              </label>
              <input
                autocomplete="email"
                class="appearance-none min-w-0 w-full bg-white border border-gray-300 rounded-md shadow-sm py-2 px-4 text-base text-gray-900 placeholder-gray-500 focus:outline-none focus:ring-indigo-500 focus:border-indigo-500 focus:placeholder-gray-400"
                id="email-address"
                name="email-address"
                placeholder="Enter your email"
                required=""
                type="email"
              />
              <div
                class="mt-3 rounded-md sm:mt-0 sm:ml-3 sm:flex-shrink-0"
              >
                <button
                  class="subscribe-btn w-full flex items-center justify-center bg-gradient-to-r from-purple-600 to-indigo-600 bg-origin-border px-4 py-3 border border-transparent text-base font-medium rounded-md shadow-sm text-white hover:from-purple-700 hover:to-indigo-700"
                  type="submit"
                >
                  Subscribe
                </button>
              </div>
            </form>
          </div>
        </div>
        <div
          class="mt-6 sm:mt-12 pt-8 mx-auto text-center"
        >
          <p
            class="mt-8 text-base text-gray-400 dark:text-custom-dark md:mt-0 md:order-1"
          >
            footer.copyright
          </p>
        </div>
      </div>
    </footer>
  </div>
</div>
`;
